// Jest Snapshot v1, https://goo.gl/fbAQLP

exports[`SongMaker component matches snapshot 1`] = `
<DocumentFragment>
  <div
    class="SongMaker"
  >
    <p>
      HULLO IM SONG MAKER MAKE A SONG PLZ
    </p>
    <hr />
    <div
      class="SongMaker-button-instrument-wrapper"
    >
      <div
        class="SongMaker-buttons"
      >
        <button
          class="Button regular"
          style="border-color: #89eb0a;"
        >
          PLAY
        </button>
        <div>
          <button
            class="Button regular"
            style="border-color: #4d4f5e;"
          >
            SAVE
          </button>
        </div>
      </div>
      <div
        class="SongMaker-instruments"
      >
        <div
          class="SongMaker-options"
        >
          <div
            class="Dropdown"
          >
            <span
              class="Dropdown-label"
            >
              INSTRUMENT 
              <img
                alt=""
                src="file"
              />
            </span>
            <div
              class="Dropdown-options"
              id="0"
            >
              <p
                class="Dropdown-option"
                id="acousticGuitar"
              >
                ACOUSTIC GUITAR
              </p>
              <p
                class="Dropdown-option"
                id="alto"
              >
                ALTO
              </p>
              <p
                class="Dropdown-option"
                id="banjo"
              >
                BANJO
              </p>
              <p
                class="Dropdown-option"
                id="baritone"
              >
                BARITONE
              </p>
              <p
                class="Dropdown-option"
                id="bass"
              >
                BASS
              </p>
              <p
                class="Dropdown-option"
                id="bassoon"
              >
                BASSOON
              </p>
              <p
                class="Dropdown-option"
                id="clarinet"
              >
                CLARINET
              </p>
              <p
                class="Dropdown-option"
                id="conga"
              >
                CONGA
              </p>
              <p
                class="Dropdown-option"
                id="djembe"
              >
                DJEMBE
              </p>
              <p
                class="Dropdown-option"
                id="drumSet"
              >
                DRUM SET
              </p>
              <p
                class="Dropdown-option"
                id="electricBass"
              >
                ELECTRIC BASS
              </p>
              <p
                class="Dropdown-option"
                id="electricGuitar"
              >
                ELECTRIC GUITAR
              </p>
              <p
                class="Dropdown-option"
                id="flute"
              >
                FLUTE
              </p>
              <p
                class="Dropdown-option"
                id="frenchHorn"
              >
                FRENCH HORN
              </p>
              <p
                class="Dropdown-option"
                id="harp"
              >
                HARP
              </p>
              <p
                class="Dropdown-option"
                id="mezzoSoprano"
              >
                MEZZO-SOPRANO
              </p>
              <p
                class="Dropdown-option"
                id="panFlute"
              >
                PAN FLUTE
              </p>
              <p
                class="Dropdown-option"
                id="piano"
              >
                PIANO
              </p>
              <p
                class="Dropdown-option"
                id="sampler"
              >
                SAMPLER
              </p>
              <p
                class="Dropdown-option"
                id="saxophone"
              >
                SAXOPHONE
              </p>
              <p
                class="Dropdown-option"
                id="soprano"
              >
                SOPRANO
              </p>
              <p
                class="Dropdown-option"
                id="synthesizer"
              >
                SYNTHEZISER
              </p>
              <p
                class="Dropdown-option"
                id="tambourine"
              >
                TAMBOURINE
              </p>
              <p
                class="Dropdown-option"
                id="tenor"
              >
                TENOR
              </p>
              <p
                class="Dropdown-option"
                id="theremin"
              >
                THEREMIN
              </p>
              <p
                class="Dropdown-option"
                id="triangle"
              >
                TRIANGLE
              </p>
              <p
                class="Dropdown-option"
                id="trombone"
              >
                TROMBONE
              </p>
              <p
                class="Dropdown-option"
                id="trumpet"
              >
                TRUMPET
              </p>
              <p
                class="Dropdown-option"
                id="tuba"
              >
                TUBA
              </p>
              <p
                class="Dropdown-option"
                id="violin"
              >
                VIOLIN
              </p>
              <p
                class="Dropdown-option"
                id="xylophone"
              >
                XYLOPHONE
              </p>
            </div>
          </div>
        </div>
        <div
          class="Icon"
          id="1"
        >
          <img
            alt=""
            src="file"
            style="height: 69px; width: 69px; cursor: pointer;"
          />
          <p
            style="font-size: 1.75rem;"
          >
            ADD INSTRUMENT
          </p>
        </div>
        <div
          class="Icon"
          id="2"
        >
          <img
            alt=""
            src="file"
            style="height: 69px; width: 69px; cursor: pointer;"
          />
          <p
            style="font-size: 1.75rem;"
          >
            ADD INSTRUMENT
          </p>
        </div>
        <div
          class="Icon"
          id="3"
        >
          <img
            alt=""
            src="file"
            style="height: 69px; width: 69px; cursor: pointer;"
          />
          <p
            style="font-size: 1.75rem;"
          >
            ADD INSTRUMENT
          </p>
        </div>
      </div>
    </div>
  </div>
</DocumentFragment>
`;
