// Jest Snapshot v1, https://goo.gl/fbAQLP

exports[`Dropdown component matches the snapshot 1`] = `
<DocumentFragment>
  <div
    class="Dropdown"
    style="font-size: 1.5rem;"
  >
    <span
      class="Dropdown-label"
      style="padding: 10px; border: 8px solid;"
    >
       
      <img
        alt=""
        src="file"
        style="height: 16px; width: 24px;"
      />
    </span>
    <div
      class="Dropdown-options"
      style="font-size: 1rem;"
    >
      <p
        class="Dropdown-option"
        id="test"
      >
        test option
      </p>
      <p
        class="Dropdown-option"
        id="test2"
      >
        another test option
      </p>
    </div>
  </div>
</DocumentFragment>
`;
