// Jest Snapshot v1, https://goo.gl/fbAQLP

exports[`Dropdown component matches the snapshot 1`] = `
<DocumentFragment>
  <div
    class="Dropdown"
  >
    <span
      class="Dropdown-label"
      style="z-index: 5;"
    >
       
      <img
        alt=""
        src="file"
      />
    </span>
  </div>
</DocumentFragment>
`;
