// Jest Snapshot v1, https://goo.gl/fbAQLP

exports[`Toggle component matches snapshot 1`] = `
<DocumentFragment>
  <div
    class="Toggle"
  >
    <div
      class="Toggle-switch off"
    >
      <div
        class="Toggle-button"
      />
      <span>
        ON
      </span>
      <span>
        OFF
      </span>
    </div>
  </div>
</DocumentFragment>
`;
