// Jest Snapshot v1, https://goo.gl/fbAQLP

exports[`Art Buddy Routes matches snapshot 1`] = `
<DocumentFragment>
  <main
    class="Window"
    style="width: 75%;"
  >
    <main
      class="Window"
      style="width: 75%;"
    >
      <section
        class="Welcome"
      >
        <header
          class="WindowNavbar-games"
        >
          <h1
            class="WindowNavbar-label"
          >
            WELCOME TO ART BUDDY!
          </h1>
        </header>
        <article
          class="Welcome-description"
        >
          <p>
            ARTBUDDY is a collection of fun and interactive fine arts games designed specifically with special education goals in mind
          </p>
          <p>
            Click below to get started
          </p>
        </article>
        <button
          class="Button regular"
          style="border-color: #89eb0a;"
        >
          LET'S GO!
        </button>
      </section>
    </main>
  </main>
</DocumentFragment>
`;
