// Jest Snapshot v1, https://goo.gl/fbAQLP

exports[`NotFound component matches the snapshot of the not found page 1`] = `
<DocumentFragment>
  <div
    class="NotFound"
  >
    <header
      class="WindowNavbar-games"
    >
      <button
        class="BackArrow"
      >
        <img
          alt=""
          class="BackArrow-img"
          src="file"
        />
        <span
          class="BackArrow-text"
        >
          BACK
        </span>
      </button>
      <h1
        class="WindowNavbar-label"
      >
        UH OH!
      </h1>
    </header>
    <p>
      Are you lost? We couldn't find the page you were looking for
    </p>
    <button
      class="Button regular"
      style="border-color: #89eb0a;"
    >
      RETURN TO HOME PAGE
    </button>
  </div>
</DocumentFragment>
`;
