// Jest Snapshot v1, https://goo.gl/fbAQLP

exports[`JumpIntoRhythm component matches snapshot 1`] = `
<DocumentFragment>
  <header
    class="WindowNavbar-games"
  >
    <h1
      class="WindowNavbar-label"
    >
      JUMP INTO RHYTHM
    </h1>
  </header>
  <div
    class="Notes"
  >
    <div
      class="Notes-measure"
    >
      <img
        alt="Treble clef"
        src="https://art-buddy.s3.amazonaws.com/jump-into-rhythm/_icons/treble-clef.png"
      />
      <section
        class="Notes-beats"
      >
        <div
          class="NoteBlock"
          data-testid="block"
          style="border-color: #fd4d3a;"
        />
        <div
          class="NoteBlock"
          data-testid="block"
          style="border-color: #ffe81a;"
        />
        <div
          class="NoteBlock"
          data-testid="block"
          style="border-color: #89eb0a;"
        />
        <div
          class="NoteBlock"
          data-testid="block"
          style="border-color: #17255a;"
        />
      </section>
    </div>
    <div
      class="Notes-measure"
    >
      <img
        alt="Add measure"
        class="Notes-toggle"
        src="https://art-buddy.s3.amazonaws.com/_general/add.png"
      />
      <section
        class="Notes-beats"
      />
    </div>
    <div
      class="Notes-measure"
    >
      <section
        class="Notes-beats"
      />
    </div>
    <div
      class="Notes-measure"
    >
      <section
        class="Notes-beats"
      />
    </div>
  </div>
  <section
    class="NoteOptions"
  >
    <section
      class="NoteOptions-notes"
    >
      <figure
        class="Icon"
        data-testid="notes"
        id="quarterNote"
      >
        <img
          alt=""
          src="https://art-buddy.s3.amazonaws.com/jump-into-rhythm/_icons/notes/quarter-note.png"
          style="height: 100px; width: 25%; cursor: pointer;"
        />
        <figcaption
          class="Icon-text"
          style="font-size: 1.75rem;"
        >
          Quarter Note
        </figcaption>
      </figure>
      <figure
        class="Icon"
        data-testid="notes"
        id="eighthNotes"
      >
        <img
          alt=""
          src="https://art-buddy.s3.amazonaws.com/jump-into-rhythm/_icons/notes/eighth-notes.png"
          style="height: 100px; width: 50%; cursor: pointer;"
        />
        <figcaption
          class="Icon-text"
          style="font-size: 1.75rem;"
        >
          Eighth Notes
        </figcaption>
      </figure>
      <figure
        class="Icon"
        data-testid="notes"
        id="quarterRest"
      >
        <img
          alt=""
          src="https://art-buddy.s3.amazonaws.com/jump-into-rhythm/_icons/notes/quarter-rest.png"
          style="height: 100px; width: 25%; cursor: pointer;"
        />
        <figcaption
          class="Icon-text"
          style="font-size: 1.75rem;"
        >
          Quarter Rest
        </figcaption>
      </figure>
    </section>
    <button
      class="Button regular"
      disabled=""
      style="border-color: #89eb0a; background-color: grey;"
    >
      PLAY
    </button>
  </section>
</DocumentFragment>
`;
