// Jest Snapshot v1, https://goo.gl/fbAQLP

exports[`ColorWheel component matches snapshot 1`] = `
<DocumentFragment>
  <div
    class="ColorWheel"
  >
    <div
      class="ColorWheel-color"
      style="background-color: rgb(217, 217, 217);"
    />
    <div
      class="ColorWheel-color"
      style="background-color: rgb(217, 217, 217);"
    />
    <div
      class="ColorWheel-color"
      style="background-color: rgb(217, 217, 217);"
    />
    <div
      class="ColorWheel-color"
      style="background-color: rgb(217, 217, 217);"
    />
    <div
      class="ColorWheel-color"
      style="background-color: rgb(217, 217, 217);"
    />
    <div
      class="ColorWheel-color"
      style="background-color: rgb(217, 217, 217);"
    />
    <div
      class="ColorWheel-color"
      style="background-color: rgb(217, 217, 217);"
    />
    <div
      class="ColorWheel-color"
      style="background-color: rgb(217, 217, 217);"
    />
    <div
      class="ColorWheel-color"
      style="background-color: rgb(217, 217, 217);"
    />
    <div
      class="ColorWheel-color"
      style="background-color: rgb(217, 217, 217);"
    />
    <div
      class="ColorWheel-color"
      style="background-color: rgb(217, 217, 217);"
    />
    <div
      class="ColorWheel-color"
      style="background-color: rgb(217, 217, 217);"
    />
  </div>
</DocumentFragment>
`;
