// Jest Snapshot v1, https://goo.gl/fbAQLP

exports[`ListeningSkillsTest component matches snapshot 1`] = `
<DocumentFragment>
  <main
    class="ListeningSkillsTest"
  >
    <header
      class="WindowNavbar-games"
    >
      <button
        class="BackArrow"
      >
        <img
          alt=""
          class="BackArrow-img"
          src="file"
        />
        <span
          class="BackArrow-text"
        >
          BACK
        </span>
      </button>
      <h1
        class="WindowNavbar-label"
      >
        Listening Skills Test
      </h1>
      <div
        class="ReportCardIcon"
      >
        <figure
          class="Icon"
        >
          <img
            alt=""
            src="file"
            style="height: 50px; width: 34px;"
          />
          <figcaption
            class="Icon-text"
            style="font-size: 1rem;"
          >
            REPORT CARD
          </figcaption>
        </figure>
      </div>
    </header>
    <header>
      <h2>
        LEVEL 2
      </h2>
      <p>
        This is instruction text for later
      </p>
    </header>
    <hr />
    <section
      class="ListeningSkillsTest-game"
    >
      <button
        class="Button small"
        disabled=""
        style="border-color: #89eb0a; background-color: grey;"
      >
        START
      </button>
      <div
        class="ListeningSkillsTest-choice-container"
      >
        <div
          class="ListeningSkillsTest-options"
        >
          <div
            class="Dropdown"
          >
            <span
              class="Dropdown-label"
            >
              CHOOSE FAMILY 
              <img
                alt=""
                src="file"
              />
            </span>
          </div>
        </div>
        <div
          class="ListeningSkillsTest-choices"
        >
          <p />
        </div>
      </div>
    </section>
  </main>
</DocumentFragment>
`;
