// Jest Snapshot v1, https://goo.gl/fbAQLP

exports[`ListeningSkillsTest component matches snapshot 1`] = `
<DocumentFragment>
  <header
    class="WindowNavbar-games"
  >
    <h1
      class="WindowNavbar-label"
    >
      Listening Skills Test: Level 2
    </h1>
    <div
      class="WindowNavbar-corner"
    >
      <div
        class="ReportCardIcon"
      >
        <figure
          class="Icon"
          data-testid=""
        >
          <img
            alt=""
            src="file"
            style="height: 50px; width: 34px;"
          />
          <figcaption
            class="Icon-text"
            style="font-size: 1rem;"
          >
            REPORT CARD
          </figcaption>
        </figure>
      </div>
    </div>
  </header>
  <section
    class="ListeningSkillsTest-game"
  >
    <button
      class="Button small"
      disabled=""
      style="border-color: #89eb0a; background-color: grey;"
    >
      START
    </button>
    <div
      class="ListeningSkillsTest-choice-container"
    >
      <div
        class="ListeningSkillsTest-options"
      >
        <div
          class="Dropdown"
        >
          <span
            class="Dropdown-label"
            style="z-index: 5;"
          >
            CHOOSE FAMILY 
            <img
              alt=""
              src="file"
            />
          </span>
        </div>
      </div>
      <div
        class="ListeningSkillsTest-choices"
      >
        <p />
      </div>
    </div>
  </section>
</DocumentFragment>
`;
