// Jest Snapshot v1, https://goo.gl/fbAQLP

exports[`ListeningSkillsTest component matches snapshot 1`] = `
<DocumentFragment>
  <div
    class="ListeningSkillsTest"
  >
    <h2>
      LEVEL 
    </h2>
    <p>
      This is instruction text for later
    </p>
    <hr />
    <div
      class="ListeningSkillsTest-game"
    >
      <button
        class="Button small"
        disabled=""
        style="border-color: #89eb0a; background-color: grey; height: 50%; font-size: 1.5rem;"
      >
        START
      </button>
      <div
        class="ListeningSkillsTest-choice-container"
      >
        <div
          class="ListeningSkillsTest-options"
        >
          <div
            class="Dropdown"
            style="font-size: 1.5rem;"
          >
            <span
              class="Dropdown-label"
              style="padding: 10px; border: 5px solid;"
            >
              CHOOSE FAMILY 
              <img
                alt=""
                src="[object Object]"
                style="height: 16px; width: 24px;"
              />
            </span>
            <div
              class="Dropdown-options"
              id="1"
              style="font-size: 1rem;"
            >
              <p
                class="Dropdown-option"
                id="brass"
              >
                BRASS
              </p>
              <p
                class="Dropdown-option"
                id="electronic"
              >
                ELECTRONIC
              </p>
              <p
                class="Dropdown-option"
                id="percussion"
              >
                PERCUSSION
              </p>
              <p
                class="Dropdown-option"
                id="strings"
              >
                STRINGS
              </p>
              <p
                class="Dropdown-option"
                id="woodwind"
              >
                WOODWIND
              </p>
              <p
                class="Dropdown-option"
                id="voice"
              >
                VOICE
              </p>
            </div>
          </div>
        </div>
        <div
          class="ListeningSkillsTest-choices"
        >
          <p />
        </div>
      </div>
    </div>
  </div>
</DocumentFragment>
`;
