// Jest Snapshot v1, https://goo.gl/fbAQLP

exports[`Settings component matches the snapshot of Settings 1`] = `
<DocumentFragment>
  <main
    class="Settings"
  >
    <span
      class="Settings-text"
    >
      Volume
    </span>
    <div
      class="Settings-icons-volume"
    >
      <figure
        class="Icon"
        id="-12"
      >
        <img
          alt=""
          src="file"
          style="height: 50px; width: 40px; cursor: pointer;"
        />
        <figcaption
          class="Icon-text"
          style="font-size: 1rem;"
        >
          LOW
        </figcaption>
      </figure>
      <figure
        class="Icon"
        id="0"
      >
        <img
          alt=""
          src="file"
          style="height: 50px; width: 50px; cursor: pointer; filter: invert(55%) sepia(55%) saturate(5241%) hue-rotate(163deg) brightness(97%) contrast(102%);"
        />
        <figcaption
          class="Icon-text"
          style="font-size: 1rem;"
        >
          MEDIUM
        </figcaption>
      </figure>
      <figure
        class="Icon"
        id="12"
      >
        <img
          alt=""
          src="file"
          style="height: 50px; width: 60px; cursor: pointer;"
        />
        <figcaption
          class="Icon-text"
          style="font-size: 1rem;"
        >
          HIGH
        </figcaption>
      </figure>
    </div>
    <span
      class="Settings-text"
    >
      Text-to-Speech
    </span>
    <span
      class="Settings-toggle"
    >
      <div
        class="Toggle"
      >
        <div
          class="Toggle-switch off"
        >
          <div
            class="Toggle-button"
          />
          <span>
            ON
          </span>
          <span>
            OFF
          </span>
        </div>
      </div>
    </span>
    <span
      class="Settings-text"
    >
      Color Blind Mode
    </span>
    <span
      class="Settings-toggle"
    >
      <div
        class="Toggle"
      >
        <div
          class="Toggle-switch off"
        >
          <div
            class="Toggle-button"
          />
          <span>
            ON
          </span>
          <span>
            OFF
          </span>
        </div>
      </div>
    </span>
    <span
      class="Settings-text"
    >
      Roster
    </span>
    <div
      class="Settings-icons-roster"
    >
      <div
        class="Settings-add-roster"
      >
        <figure
          class="Icon"
        >
          <img
            alt=""
            src="file"
            style="height: 42px; width: 42px;"
          />
          <figcaption
            class="Icon-text"
            style="font-size: 1rem;"
          >
            ADD
          </figcaption>
        </figure>
      </div>
    </div>
  </main>
</DocumentFragment>
`;
