// Jest Snapshot v1, https://goo.gl/fbAQLP

exports[`Score component matches snapshot 1`] = `
<DocumentFragment>
  <section
    class="Score"
  >
    <span>
      COOL FACTOR
    </span>
    <div
      class="Score-visual-score"
    >
      <img
        alt=""
        src="file"
        style="filter: brightness(0%) saturate(100%) invert(53%) sepia(93%) saturate(4071%) hue-rotate(337deg) brightness(98%) contrast(104%);"
      />
      <img
        alt=""
        src="file"
        style="filter: brightness(0%) saturate(100%) invert(81%) sepia(95%) saturate(5782%) hue-rotate(336deg) brightness(102%) contrast(103%);"
      />
      <img
        alt=""
        src="file"
      />
      <img
        alt=""
        src="file"
      />
    </div>
    <span
      class="Score-text-score"
    >
      2/4 passed
    </span>
  </section>
</DocumentFragment>
`;
