// Jest Snapshot v1, https://goo.gl/fbAQLP

exports[`Score component matches snapshot 1`] = `
<DocumentFragment>
  <section
    class="Score"
  >
    <span>
      COOL FACTOR
    </span>
    <div
      class="Score-visual-score"
    >
      <div
        alt=""
        class="Score-block first"
        style="width: 23%; background-color: rgb(253, 77, 58);"
      />
      <div
        alt=""
        class="Score-block"
        style="width: 23%; background-color: rgb(255, 232, 26);"
      />
      <div
        alt=""
        class="Score-block"
        style="width: 23%; background-color: rgb(212, 210, 213);"
      />
      <div
        alt=""
        class="Score-block last"
        style="width: 23%; background-color: rgb(212, 210, 213);"
      />
    </div>
    <span
      class="Score-text-score"
    >
      2/4 passed
    </span>
  </section>
</DocumentFragment>
`;
