// Jest Snapshot v1, https://goo.gl/fbAQLP

exports[`AlphabetTable component matches snapshot 1`] = `
<DocumentFragment>
  <section
    class="AlphabetTable"
  >
    <div
      class="AlphabetTable-cell"
    >
      A
    </div>
    <div
      class="AlphabetTable-cell"
    >
      B
    </div>
    <div
      class="AlphabetTable-cell"
    >
      C
    </div>
    <div
      class="AlphabetTable-cell"
    >
      D
    </div>
    <div
      class="AlphabetTable-cell"
    >
      E
    </div>
    <div
      class="AlphabetTable-cell"
    >
      F
    </div>
    <div
      class="AlphabetTable-cell"
    >
      G
    </div>
    <div
      class="AlphabetTable-cell"
    >
      H
    </div>
    <div
      class="AlphabetTable-cell"
    >
      I
    </div>
    <div
      class="AlphabetTable-cell"
    >
      J
    </div>
    <div
      class="AlphabetTable-cell"
    >
      K
    </div>
    <div
      class="AlphabetTable-cell"
    >
      L
    </div>
    <div
      class="AlphabetTable-cell"
    >
      M
    </div>
    <div
      class="AlphabetTable-cell"
    >
      N
    </div>
    <div
      class="AlphabetTable-cell"
    >
      O
    </div>
    <div
      class="AlphabetTable-cell"
    >
      P
    </div>
    <div
      class="AlphabetTable-cell"
    >
      Q
    </div>
    <div
      class="AlphabetTable-cell"
    >
      R
    </div>
    <div
      class="AlphabetTable-cell"
    >
      S
    </div>
    <div
      class="AlphabetTable-cell"
    >
      T
    </div>
    <div
      class="AlphabetTable-cell"
    >
      U
    </div>
    <div
      class="AlphabetTable-cell"
    >
      V
    </div>
    <div
      class="AlphabetTable-cell"
    >
      W
    </div>
    <div
      class="AlphabetTable-cell"
    >
      X
    </div>
    <div
      class="AlphabetTable-cell"
    >
      Y
    </div>
    <div
      class="AlphabetTable-cell"
    >
      Z
    </div>
  </section>
</DocumentFragment>
`;
