// Jest Snapshot v1, https://goo.gl/fbAQLP

exports[`PlaySave component matches snapshot 1`] = `
<DocumentFragment>
  <div
    class="PlaySave"
  >
    <button
      class="Button regular"
      style="border-color: #89eb0a;"
    >
      PLAY
    </button>
    <button
      class="Button regular"
      style="border-color: #4d4f5e;"
    >
      SAVE
    </button>
  </div>
</DocumentFragment>
`;
