// Jest Snapshot v1, https://goo.gl/fbAQLP

exports[`Students component matches snapshot 1`] = `
<DocumentFragment>
  <div
    class="Students"
  >
    <div
      class="Student"
    >
      <p
        class="Student-name"
      >
        Mario
      </p>
      <div
        class="Student-point-control"
      >
        <img
          alt="add"
          src="file"
        />
        <p
          class="Student-points"
        >
          0
        </p>
        <img
          alt="minus"
          src="file"
        />
      </div>
    </div>
    <div
      class="Student"
    >
      <p
        class="Student-name"
      >
        Buzz Lightyear
      </p>
      <div
        class="Student-point-control"
      >
        <img
          alt="add"
          src="file"
        />
        <p
          class="Student-points"
        >
          0
        </p>
        <img
          alt="minus"
          src="file"
        />
      </div>
    </div>
    <div
      class="Student"
    >
      <p
        class="Student-name"
      >
        Spongebob
      </p>
      <div
        class="Student-point-control"
      >
        <img
          alt="add"
          src="file"
        />
        <p
          class="Student-points"
        >
          0
        </p>
        <img
          alt="minus"
          src="file"
        />
      </div>
    </div>
    <div
      class="Student"
    >
      <p
        class="Student-name"
      >
        Sonic
      </p>
      <div
        class="Student-point-control"
      >
        <img
          alt="add"
          src="file"
        />
        <p
          class="Student-points"
        >
          0
        </p>
        <img
          alt="minus"
          src="file"
        />
      </div>
    </div>
  </div>
</DocumentFragment>
`;
