// Jest Snapshot v1, https://goo.gl/fbAQLP

exports[`Student component matches the snapshot 1`] = `
<DocumentFragment>
  <div
    class="Student"
  >
    <p
      class="Student-name"
    >
      Eddie
    </p>
    <div
      class="Student-point-control"
    >
      <button
        class="Button regular"
        style="border-color: #89eb0a;"
      >
        +
      </button>
      <p
        class="Student-points"
      >
        0
      </p>
      <button
        class="Button regular"
        style="border-color: #fd4d3a;"
      >
        -
      </button>
    </div>
  </div>
</DocumentFragment>
`;
