// Jest Snapshot v1, https://goo.gl/fbAQLP

exports[`ListeningSkills component matches snapshot 1`] = `
<DocumentFragment>
  <header
    class="WindowNavbar-games"
  >
    <h1
      class="WindowNavbar-label"
    >
      INSTRUMENT ID: PLAY
    </h1>
  </header>
  <div
    class="ListeningSkills"
  >
    <header
      class="ListeningSkills-icon"
    >
      <figure
        class="Icon"
        data-testid=""
      >
        <img
          alt=""
          src="file"
          style="height: 250px; width: 250px;"
        />
        <figcaption
          class="Icon-text"
          style="font-size: 2.5rem;"
        >
          Listening Skills Test
        </figcaption>
      </figure>
    </header>
    <section
      class="ListeningSkills-levels-report-cards"
    >
      <p>
        Practice your listening skills to unlock instruments that you can play later on the Song Maker section!
      </p>
      <div
        class="ListeningSkills-level"
      >
        <button
          class="Button small"
          style="border-color: #89eb0a;"
        >
          <img
            alt=""
            src="file"
          />
          Level 1
        </button>
        <div
          class="ListeningSkills-report-card"
        >
          <img
            alt=""
            src="file"
          />
          <p>
            Report Card
          </p>
        </div>
      </div>
      <div
        class="ListeningSkills-level"
      >
        <button
          class="Button small"
          disabled=""
          style="border-color: #ffe81a; background-color: grey;"
        >
          <img
            alt=""
            src="file"
          />
          Level 2
        </button>
        <div
          class="ListeningSkills-report-card"
        >
          <img
            alt=""
            src="file"
          />
          <p>
            Report Card
          </p>
        </div>
      </div>
    </section>
  </div>
</DocumentFragment>
`;
