// Jest Snapshot v1, https://goo.gl/fbAQLP

exports[`Switch component matches snapshot 1`] = `
<DocumentFragment>
  <section
    class="Switch"
  >
    <figure
      class="Icon"
      data-testid=""
    >
      <img
        alt=""
        src="https://art-buddy.s3.amazonaws.com/_general/play.png"
        style="height: 100px; width: 100px; cursor: pointer;"
      />
      <figcaption
        class="Icon-text"
        style="font-size: 1.75rem;"
      >
        START
      </figcaption>
    </figure>
  </section>
</DocumentFragment>
`;
