// Jest Snapshot v1, https://goo.gl/fbAQLP

exports[`Home component matches the snapshot of the landing page displaying the games page 1`] = `
<DocumentFragment>
  <main
    class="Menu"
  >
    <header
      class="WindowNavbar-main"
    >
      <span
        class="WindowNavbar-button underlined"
        id="games"
      >
        GAMES
      </span>
      <span
        class="WindowNavbar-button"
        id="tools"
      >
        TOOLS
      </span>
    </header>
    <div
      class="Menu-options"
    >
      <button
        class="Button regular"
        style="border-color: #89eb0a;"
      >
        <img
          alt=""
          src="file"
        />
        ART GAMES
      </button>
      <button
        class="Button regular"
        style="border-color: #ffe81a;"
      >
        <img
          alt=""
          src="file"
        />
        MUSIC GAMES
      </button>
      <button
        class="Button regular"
        style="border-color: #fd4d3a;"
      >
        <img
          alt=""
          src="file"
        />
        ALL GAMES
      </button>
      <button
        class="Button regular"
        disabled=""
        style="border-color: #4d4f5e; background-color: grey;"
      >
        <img
          alt=""
          src="file"
        />
        IEP GOALS
      </button>
    </div>
  </main>
</DocumentFragment>
`;

exports[`Home component matches the snapshot of the landing page displaying the welcome page 1`] = `
<DocumentFragment>
  <section
    class="Welcome"
  >
    <header
      class="WindowNavbar-games"
    >
      <h1
        class="WindowNavbar-label"
      >
        WELCOME TO ART BUDDY!
      </h1>
      <img
        alt="Help"
        class="Help"
        src="file"
      />
    </header>
    <article
      class="Welcome-description"
    >
      <p>
        ART BUDDY is a collection of fun and interactive fine arts games designed specifically with academic goals in mind
      </p>
      <p>
        Click below to get started
      </p>
    </article>
    <button
      class="Button regular"
      style="border-color: #89eb0a;"
    >
      LET'S GO!
    </button>
  </section>
</DocumentFragment>
`;
