// Jest Snapshot v1, https://goo.gl/fbAQLP

exports[`Battery component matches snapshot 1`] = `
<DocumentFragment>
  <div
    class="Battery"
    data-testid="battery0"
    id="0"
  >
    <img
      alt=""
      id="0"
      src="https://art-buddy.s3.amazonaws.com/mood-meter/battery.png"
    />
    <img
      alt=""
      data-testid="bar"
      id="0"
      src="https://art-buddy.s3.amazonaws.com/mood-meter/battery-bar.png"
      style="width: 100%;"
    />
  </div>
</DocumentFragment>
`;
