// Jest Snapshot v1, https://goo.gl/fbAQLP

exports[`ControlBar component matches snapshot 1`] = `
<DocumentFragment>
  <section
    class="ControlBar"
  >
    <div
      class="ButtonWrapper"
    >
      <button
        class="Button regular"
        id="upperCase"
        style="border-color: #17255a;"
      >
        ABC
      </button>
    </div>
    <div
      class="ButtonWrapper"
    >
      <button
        class="Button regular"
        id="lowerCase"
        style="border-color: #89eb0a;"
      >
        abc
      </button>
    </div>
    <div
      class="ButtonWrapper"
    >
      <button
        class="Button regular"
        id="numbers"
        style="border-color: #ffe81a;"
      >
        123
      </button>
    </div>
    <div
      class="ButtonWrapper"
    >
      <button
        class="Button regular"
        id="shapes"
        style="border-color: #fd4d3a;"
      >
        file
      </button>
    </div>
    <div
      class="ButtonWrapper"
    >
      <button
        class="Button regular"
        id=""
      >
        <figure
          class="Icon"
          id=""
        >
          <img
            alt=""
            src="file"
            style="height: 45px; width: 45px; cursor: pointer;"
          />
          <figcaption
            class="Icon-text"
            style="font-size: 1rem;"
          >
            Stencil
          </figcaption>
        </figure>
      </button>
    </div>
    <div
      class="ButtonWrapper"
    >
      <button
        class="Button regular"
        id="colors"
        style="border-color: #000000; color: rgb(0, 0, 0);"
      >
        <figure
          class="Icon"
          id="colors"
        >
          <img
            alt=""
            src="file"
            style="height: 45px; width: 45px; cursor: pointer; filter: invert(0%) sepia(0%) saturate(0%) hue-rotate(304deg) brightness(100%) contrast(102%);"
          />
          <figcaption
            class="Icon-text"
            style="font-size: 1rem;"
          >
            Pencil
          </figcaption>
        </figure>
      </button>
    </div>
    <div
      class="ButtonWrapper"
    >
      <button
        class="Button regular"
        id=""
        style="border-color: #000000; color: rgb(0, 0, 0);"
      >
        <figure
          class="Icon"
          id=""
        >
          <img
            alt=""
            src="file"
            style="height: 45px; width: 45px; cursor: pointer; filter: invert(0%) sepia(0%) saturate(0%) hue-rotate(304deg) brightness(100%) contrast(102%);"
          />
          <figcaption
            class="Icon-text"
            style="font-size: 1rem;"
          >
            Eraser
          </figcaption>
        </figure>
      </button>
    </div>
  </section>
</DocumentFragment>
`;
