// Jest Snapshot v1, https://goo.gl/fbAQLP

exports[`Instrument component matches snapshot 1`] = `
<DocumentFragment>
  <main
    class="Instrument"
  >
    <header
      class="WindowNavbar-games"
    >
      <h1
        class="WindowNavbar-label"
      >
        INSTRUMENT ID: LEARN
      </h1>
      <div
        class="WindowNavbar-corner"
      >
        <img
          alt="Help"
          class="Help"
          src="file"
        />
      </div>
    </header>
    <div
      class="Instrument-main"
    >
      <header
        class="Instrument-name"
      >
        <figure
          class="Icon"
        >
          <img
            alt=""
            src="file"
            style="height: 250px; width: 250px;"
          />
          <figcaption
            class="Icon-text"
            style="font-size: 2.5rem;"
          >
            TRUMPET
          </figcaption>
        </figure>
      </header>
      <article
        class="Instrument-information"
      >
        <h2>
          WHAT IS THE TRUMPET MADE OUT OF?
        </h2>
        <ul>
          <li>
            BRASS
          </li>
        </ul>
        <h2>
          THE TRUMPET IS PLAYED BY...
        </h2>
        <p>
          blowing into the mouthpiece and pressing on the valves
        </p>
        <section
          class="Instrument-buttons"
        >
          <button
            class="Button regular"
            style="border-color: #89eb0a;"
          >
            Play Sound
          </button>
          <button
            class="Button regular"
            style="border-color: #fd4d3a;"
          >
            Watch Video
          </button>
        </section>
      </article>
    </div>
  </main>
</DocumentFragment>
`;
