// Jest Snapshot v1, https://goo.gl/fbAQLP

exports[`SequenceControls component matches snapshot 1`] = `
<DocumentFragment>
  <div
    class="SequenceControls"
  >
    <div
      class="Dropdown"
    >
      <span
        class="Dropdown-label"
      >
        SOUND CATEGORY 
        <img
          alt=""
          src="file"
        />
      </span>
      <div
        class="Dropdown-options"
      >
        <p
          class="Dropdown-option"
          id="bodySoundsContinuous"
        >
          BODY SOUNDS
        </p>
        <p
          class="Dropdown-option"
          id="bodySoundsOnce"
        >
          BODY SOUNDS (once)
        </p>
        <p
          class="Dropdown-option"
          id="animals"
        >
          ANIMALS
        </p>
      </div>
    </div>
    <div
      class="Dropdown"
    >
      <span
        class="Dropdown-label"
      >
        PITCH 
        <img
          alt=""
          src="file"
        />
      </span>
      <div
        class="Dropdown-options"
      >
        <p
          class="Dropdown-option"
          id="2"
        >
          LOW
        </p>
        <p
          class="Dropdown-option"
          id="3"
        >
          MEDIUM
        </p>
        <p
          class="Dropdown-option"
          id="4"
        >
          HIGH
        </p>
      </div>
    </div>
    <div
      class="Dropdown"
    >
      <span
        class="Dropdown-label"
      >
        DURATION 
        <img
          alt=""
          src="file"
        />
      </span>
      <div
        class="Dropdown-options"
      >
        <p
          class="Dropdown-option"
          id="1"
        >
          1 SECOND
        </p>
        <p
          class="Dropdown-option"
          id="2"
        >
          2 SECONDS
        </p>
        <p
          class="Dropdown-option"
          id="3"
        >
          3 SECONDS
        </p>
        <p
          class="Dropdown-option"
          id="4"
        >
          4 SECONDS
        </p>
        <p
          class="Dropdown-option"
          id="5"
        >
          5 SECONDS
        </p>
      </div>
    </div>
  </div>
</DocumentFragment>
`;
