// Jest Snapshot v1, https://goo.gl/fbAQLP

exports[`SequenceControls component matches snapshot 1`] = `
<DocumentFragment>
  <section
    class="SequenceControls"
  >
    <div
      class="Dropdown"
    >
      <span
        class="Dropdown-label"
      >
        SOUND CATEGORY 
        <img
          alt=""
          src="file"
        />
      </span>
    </div>
    <div
      class="Dropdown"
    >
      <span
        class="Dropdown-label"
      >
        PITCH 
        <img
          alt=""
          src="file"
        />
      </span>
    </div>
    <div
      class="Dropdown"
    >
      <span
        class="Dropdown-label"
      >
        DURATION 
        <img
          alt=""
          src="file"
        />
      </span>
    </div>
  </section>
</DocumentFragment>
`;
