// Jest Snapshot v1, https://goo.gl/fbAQLP

exports[`ReportCard component matches snapshot 1`] = `
<DocumentFragment>
  <main
    class="ReportCard"
  >
    <section
      class="ReportCard-scores"
    >
      <section
        class="Score"
      >
        <span>
          BRASS FAMILY
        </span>
        <div
          class="Score-visual-score"
        >
          <img
            alt=""
            src="file"
            style="width: 23%;"
          />
          <img
            alt=""
            src="file"
            style="width: 23%;"
          />
          <img
            alt=""
            src="file"
            style="width: 23%;"
          />
          <img
            alt=""
            src="file"
            style="width: 23%;"
          />
        </div>
        <span
          class="Score-text-score"
        >
          0/4 passed
        </span>
      </section>
      <section
        class="Score"
      >
        <span>
          ELECTRONIC FAMILY
        </span>
        <div
          class="Score-visual-score"
        >
          <img
            alt=""
            src="file"
            style="width: 23%;"
          />
          <img
            alt=""
            src="file"
            style="width: 23%;"
          />
          <img
            alt=""
            src="file"
            style="width: 23%;"
          />
          <img
            alt=""
            src="file"
            style="width: 23%;"
          />
        </div>
        <span
          class="Score-text-score"
        >
          0/4 passed
        </span>
      </section>
      <section
        class="Score"
      >
        <span>
          PERCUSSION FAMILY
        </span>
        <div
          class="Score-visual-score"
        >
          <img
            alt=""
            src="file"
            style="width: 23%;"
          />
          <img
            alt=""
            src="file"
            style="width: 23%;"
          />
          <img
            alt=""
            src="file"
            style="width: 23%;"
          />
          <img
            alt=""
            src="file"
            style="width: 23%;"
          />
        </div>
        <span
          class="Score-text-score"
        >
          0/4 passed
        </span>
      </section>
      <section
        class="Score"
      >
        <span>
          STRINGS FAMILY
        </span>
        <div
          class="Score-visual-score"
        >
          <img
            alt=""
            src="file"
            style="width: 23%;"
          />
          <img
            alt=""
            src="file"
            style="width: 23%;"
          />
          <img
            alt=""
            src="file"
            style="width: 23%;"
          />
          <img
            alt=""
            src="file"
            style="width: 23%;"
          />
        </div>
        <span
          class="Score-text-score"
        >
          0/4 passed
        </span>
      </section>
      <section
        class="Score"
      >
        <span>
          WOODWIND FAMILY
        </span>
        <div
          class="Score-visual-score"
        >
          <img
            alt=""
            src="file"
            style="width: 23%;"
          />
          <img
            alt=""
            src="file"
            style="width: 23%;"
          />
          <img
            alt=""
            src="file"
            style="width: 23%;"
          />
          <img
            alt=""
            src="file"
            style="width: 23%;"
          />
        </div>
        <span
          class="Score-text-score"
        >
          0/4 passed
        </span>
      </section>
      <section
        class="Score"
      >
        <span>
          VOICE FAMILY
        </span>
        <div
          class="Score-visual-score"
        >
          <img
            alt=""
            src="file"
            style="width: 23%;"
          />
          <img
            alt=""
            src="file"
            style="width: 23%;"
          />
          <img
            alt=""
            src="file"
            style="width: 23%;"
          />
          <img
            alt=""
            src="file"
            style="width: 23%;"
          />
        </div>
        <span
          class="Score-text-score"
        >
          0/4 passed
        </span>
      </section>
    </section>
    <p
      class="ReportCard-clear"
    >
      clear report card
    </p>
  </main>
</DocumentFragment>
`;
