// Jest Snapshot v1, https://goo.gl/fbAQLP

exports[`ReportCard component matches snapshot 1`] = `
<DocumentFragment>
  <main
    class="ReportCard"
  >
    <section
      class="ReportCard-scores"
    >
      <section
        class="ReportCard-score-display"
      >
        <span>
          BRASS
        </span>
        <div
          class="ReportCard-visual-score"
        >
          <img
            alt=""
            src="file"
          />
          <img
            alt=""
            src="file"
          />
          <img
            alt=""
            src="file"
          />
          <img
            alt=""
            src="file"
          />
        </div>
        <span
          class="ReportCard-text-score"
        >
          0/4 passed
        </span>
      </section>
      <section
        class="ReportCard-score-display"
      >
        <span>
          ELECTRONIC
        </span>
        <div
          class="ReportCard-visual-score"
        >
          <img
            alt=""
            src="file"
          />
          <img
            alt=""
            src="file"
          />
          <img
            alt=""
            src="file"
          />
          <img
            alt=""
            src="file"
          />
        </div>
        <span
          class="ReportCard-text-score"
        >
          0/4 passed
        </span>
      </section>
      <section
        class="ReportCard-score-display"
      >
        <span>
          PERCUSSION
        </span>
        <div
          class="ReportCard-visual-score"
        >
          <img
            alt=""
            src="file"
          />
          <img
            alt=""
            src="file"
          />
          <img
            alt=""
            src="file"
          />
          <img
            alt=""
            src="file"
          />
        </div>
        <span
          class="ReportCard-text-score"
        >
          0/4 passed
        </span>
      </section>
      <section
        class="ReportCard-score-display"
      >
        <span>
          STRINGS
        </span>
        <div
          class="ReportCard-visual-score"
        >
          <img
            alt=""
            src="file"
          />
          <img
            alt=""
            src="file"
          />
          <img
            alt=""
            src="file"
          />
          <img
            alt=""
            src="file"
          />
        </div>
        <span
          class="ReportCard-text-score"
        >
          0/4 passed
        </span>
      </section>
      <section
        class="ReportCard-score-display"
      >
        <span>
          WOODWIND
        </span>
        <div
          class="ReportCard-visual-score"
        >
          <img
            alt=""
            src="file"
          />
          <img
            alt=""
            src="file"
          />
          <img
            alt=""
            src="file"
          />
          <img
            alt=""
            src="file"
          />
        </div>
        <span
          class="ReportCard-text-score"
        >
          0/4 passed
        </span>
      </section>
      <section
        class="ReportCard-score-display"
      >
        <span>
          VOICE
        </span>
        <div
          class="ReportCard-visual-score"
        >
          <img
            alt=""
            src="file"
          />
          <img
            alt=""
            src="file"
          />
          <img
            alt=""
            src="file"
          />
          <img
            alt=""
            src="file"
          />
        </div>
        <span
          class="ReportCard-text-score"
        >
          0/4 passed
        </span>
      </section>
    </section>
    <p
      class="ReportCard-clear"
    >
      clear report card
    </p>
  </main>
</DocumentFragment>
`;
