// Jest Snapshot v1, https://goo.gl/fbAQLP

exports[`Navbar component matches the snapshot of the navbar 1`] = `
<DocumentFragment>
  <nav
    class="Navbar"
  >
    <span
      class="Navbar-header"
    >
      ARTBUDDY
    </span>
    <section
      class="TimeKeeperNav"
    />
    <img
      alt="settings"
      class="Navbar-settings"
      src="https://art-buddy.s3.amazonaws.com/settings/settings.png"
    />
  </nav>
</DocumentFragment>
`;
