// Jest Snapshot v1, https://goo.gl/fbAQLP

exports[`Welcome component matches the snapshot of the welcome page 1`] = `
<DocumentFragment>
  <section
    class="Welcome"
  >
    <header
      class="WindowNavbar-games"
    >
      <h1
        class="WindowNavbar-label"
      >
        WELCOME TO ART BUDDY!
      </h1>
    </header>
    <article
      class="Welcome-description"
    >
      <p>
        ART BUDDY is a collection of fun and interactive fine arts games designed specifically with academic goals in mind
      </p>
      <p>
        Click below to get started
      </p>
    </article>
    <button
      class="Button regular"
      style="border-color: #89eb0a;"
    >
      LET'S GO!
    </button>
  </section>
</DocumentFragment>
`;
