// Jest Snapshot v1, https://goo.gl/fbAQLP

exports[`NewRoster component matches the snapshot of NewRoster 1`] = `
<DocumentFragment>
  <section
    class="NewRoster"
  >
    <aside
      class="NewRoster-options"
    >
      <figure
        class="Icon"
      >
        <img
          alt=""
          src="file"
          style="height: 50px; width: 50px; cursor: pointer;"
        />
        <figcaption
          class="Icon-text"
          style="font-size: 1rem;"
        >
          Name
        </figcaption>
      </figure>
      <figure
        class="Icon"
      >
        <img
          alt=""
          src="file"
          style="height: 50px; width: 50px; cursor: pointer;"
        />
        <figcaption
          class="Icon-text"
          style="font-size: 1rem;"
        >
          Reset
        </figcaption>
      </figure>
      <figure
        class="Icon"
      >
        <img
          alt=""
          src="file"
          style="height: 50px; width: 50px; cursor: pointer;"
        />
        <figcaption
          class="Icon-text"
          style="font-size: 1rem;"
        >
          Done
        </figcaption>
      </figure>
    </aside>
    <aside
      class="NewRoster-students"
    >
      <input
        class="NewRoster-input"
        id="name"
        name="name"
        placeholder="ROSTER NAME"
        value=""
      />
      <label
        class="NewRoster-label"
        for="name"
      >
        Roster Name: 
      </label>
      <p
        class="NewRoster-error"
      />
      <div
        class="NewRoster-form-control"
      >
        <input
          class="NewRoster-input"
          id="student1"
          name="student1"
          placeholder="STUDENT"
          value=""
        />
        <label
          class="NewRoster-label"
          for="student1"
        >
          Student 1: 
        </label>
      </div>
    </aside>
  </section>
</DocumentFragment>
`;
