// Jest Snapshot v1, https://goo.gl/fbAQLP

exports[`Rosters component matches the snapshot of Rosters 1`] = `
<DocumentFragment>
  <div
    class="Rosters"
  >
    <div
      class="Settings-add-roster"
    >
      <figure
        class="Icon"
      >
        <img
          alt=""
          src="file"
          style="height: 42px; width: 42px;"
        />
        <figcaption
          class="Icon-text"
          style="font-size: 1rem;"
        >
          ADD
        </figcaption>
      </figure>
    </div>
  </div>
</DocumentFragment>
`;
