// Jest Snapshot v1, https://goo.gl/fbAQLP

exports[`Rosters component matches the snapshot of Rosters 1`] = `
<DocumentFragment>
  <div
    class="Rosters"
  >
    <figure
      class="Icon"
    >
      <img
        alt=""
        src="file"
        style="height: 42px; width: 42px; cursor: pointer;"
      />
      <figcaption
        class="Icon-text"
        style="font-size: 1rem;"
      >
        ADD
      </figcaption>
    </figure>
  </div>
</DocumentFragment>
`;
