// Jest Snapshot v1, https://goo.gl/fbAQLP

exports[`InstrumentDisplay component matches snapshot 1`] = `
<DocumentFragment>
  <div
    class="InstrumentDisplay"
  >
    <div
      class="InstrumentDisplay-options"
    >
      <div
        class="Dropdown"
      >
        <span
          class="Dropdown-label"
          style="z-index: 5;"
        >
          INSTRUMENT 
          <img
            alt=""
            src="file"
          />
        </span>
      </div>
      <span
        class="InstrumentDisplay-remove"
        id="0"
      >
        remove
      </span>
    </div>
    <figure
      class="Icon"
      data-testid=""
      id="1"
    >
      <img
        alt=""
        src="file"
        style="height: 69px; width: 69px; cursor: pointer;"
      />
      <figcaption
        class="Icon-text"
        style="font-size: 1.75rem;"
      >
        ADD INSTRUMENT
      </figcaption>
    </figure>
    <figure
      class="Icon"
      data-testid=""
      id="2"
    >
      <img
        alt=""
        src="file"
        style="height: 69px; width: 69px; cursor: pointer;"
      />
      <figcaption
        class="Icon-text"
        style="font-size: 1.75rem;"
      >
        ADD INSTRUMENT
      </figcaption>
    </figure>
    <figure
      class="Icon"
      data-testid=""
      id="3"
    >
      <img
        alt=""
        src="file"
        style="height: 69px; width: 69px; cursor: pointer;"
      />
      <figcaption
        class="Icon-text"
        style="font-size: 1.75rem;"
      >
        ADD INSTRUMENT
      </figcaption>
    </figure>
  </div>
</DocumentFragment>
`;
