// Jest Snapshot v1, https://goo.gl/fbAQLP

exports[`FrogLilyPads component matches snapshot 1`] = `
<DocumentFragment>
  <section
    class="FrogLilyPads"
  >
    <div
      class="FrogLilyPads-section"
    >
      <img
        alt="frog"
        class="Frog"
        src="https://art-buddy.s3.amazonaws.com/jump-into-rhythm/frogs/blue.png"
      />
      <div
        class="LilyPadDisplay"
      >
        <div
          class="LilyPadDisplay-lily-pad"
        />
        <div
          class="LilyPadDisplay-lily-pad"
        />
        <div
          class="LilyPadDisplay-lily-pad"
        />
        <div
          class="LilyPadDisplay-lily-pad"
        />
      </div>
    </div>
  </section>
</DocumentFragment>
`;
