// Jest Snapshot v1, https://goo.gl/fbAQLP

exports[`NoteDisplay component matches snapshot 1`] = `
<DocumentFragment>
  <section
    class="NoteDisplay"
  >
    <img
      alt="Treble clef"
      src="file"
    />
    <section
      class="NoteDisplay-blocks"
    >
      <div
        class="NoteBlock"
        style="border-color: #fd4d3a;"
      />
      <div
        class="NoteBlock"
        style="border-color: #ffe81a;"
      />
      <div
        class="NoteBlock"
        style="border-color: #89eb0a;"
      />
      <div
        class="NoteBlock"
        style="border-color: #17255a;"
      />
    </section>
  </section>
</DocumentFragment>
`;
