// Jest Snapshot v1, https://goo.gl/fbAQLP

exports[`NoiseMeter component matches snapshot 1`] = `
<DocumentFragment>
  <header
    class="WindowNavbar-games"
  >
    <h1
      class="WindowNavbar-label"
    >
      NOISE METER
    </h1>
  </header>
  <div
    class="Instructions"
  >
    <article>
      Measure the amount of noise in a room.
    </article>
    <figure
      class="Icon"
      data-testid=""
    >
      <img
        alt=""
        src="https://art-buddy.s3.amazonaws.com/_general/play-action-btn.png"
        style="height: 250px; width: 250px; cursor: pointer;"
      />
      <figcaption
        class="Icon-text"
        style="font-size: 1.75rem;"
      >
        PLAY
      </figcaption>
    </figure>
  </div>
</DocumentFragment>
`;
