// Jest Snapshot v1, https://goo.gl/fbAQLP

exports[`SequenceMaker component matches snapshot 1`] = `
<DocumentFragment>
  <main
    class="SequenceMaker"
  >
    <header>
      <p>
        HULLO IM SEQUENCE MAKER MAKE A SEQUENCE PLZ
      </p>
    </header>
    <hr />
    <section
      class="SequenceControls"
    >
      <div
        class="Dropdown"
      >
        <span
          class="Dropdown-label"
        >
          SOUND CATEGORY 
          <img
            alt=""
            src="file"
          />
        </span>
        <div
          class="Dropdown-options"
        >
          <p
            class="Dropdown-option"
            id="bodySoundsContinuous"
          >
            BODY SOUNDS
          </p>
          <p
            class="Dropdown-option"
            id="bodySoundsOnce"
          >
            BODY SOUNDS (once)
          </p>
          <p
            class="Dropdown-option"
            id="animals"
          >
            ANIMALS
          </p>
        </div>
      </div>
      <div
        class="Dropdown"
      >
        <span
          class="Dropdown-label"
        >
          PITCH 
          <img
            alt=""
            src="file"
          />
        </span>
        <div
          class="Dropdown-options"
        >
          <p
            class="Dropdown-option"
            id="2"
          >
            LOW
          </p>
          <p
            class="Dropdown-option"
            id="3"
          >
            MEDIUM
          </p>
          <p
            class="Dropdown-option"
            id="4"
          >
            HIGH
          </p>
        </div>
      </div>
      <div
        class="Dropdown"
      >
        <span
          class="Dropdown-label"
        >
          DURATION 
          <img
            alt=""
            src="file"
          />
        </span>
        <div
          class="Dropdown-options"
        >
          <p
            class="Dropdown-option"
            id="1"
          >
            1 SECOND
          </p>
          <p
            class="Dropdown-option"
            id="2"
          >
            2 SECONDS
          </p>
          <p
            class="Dropdown-option"
            id="3"
          >
            3 SECONDS
          </p>
          <p
            class="Dropdown-option"
            id="4"
          >
            4 SECONDS
          </p>
          <p
            class="Dropdown-option"
            id="5"
          >
            5 SECONDS
          </p>
        </div>
      </div>
    </section>
    <section
      class="SoundOptions"
    />
    <section
      class="Sequence"
    >
      <aside
        class="Sequence-play-options"
      >
        <figure
          class="Icon"
        >
          <img
            alt=""
            src="file"
            style="height: 48px; width: 48px; cursor: pointer;"
          />
          <figcaption
            style="font-size: 1rem;"
          >
            Play
          </figcaption>
        </figure>
        <figure
          class="Icon"
        >
          <img
            alt=""
            src="file"
            style="height: 48px; width: 48px; cursor: pointer;"
          />
          <figcaption
            style="font-size: 1rem;"
          >
            Play All
          </figcaption>
        </figure>
      </aside>
      <section
        class="Sequence-display"
      >
        <figure
          class="SequenceBlock"
          id="0"
          style="border-color: #89eb0a;"
        />
        <figure
          class="SequenceBlock"
          id="1"
          style="border-color: #ffe81a;"
        />
        <figure
          class="SequenceBlock"
          id="2"
          style="border-color: #fd4d3a;"
        />
        <figure
          class="SequenceBlock"
          id="3"
          style="border-color: #4d4f5e;"
        />
      </section>
      <aside
        class="Sequence-reset"
      >
        <figure
          class="Icon"
        >
          <img
            alt=""
            style="height: 48px; width: 48px; cursor: pointer;"
          />
          <figcaption
            style="font-size: 1rem;"
          >
            Reset Sequence
          </figcaption>
        </figure>
      </aside>
    </section>
  </main>
</DocumentFragment>
`;
