// Jest Snapshot v1, https://goo.gl/fbAQLP

exports[`TooSmall component matches snapshot 1`] = `
<DocumentFragment>
  <div
    class="TooSmall"
  >
    <h1>
      Welcome to Art Buddy
    </h1>
    <p>
      For the best experience, we recommend using a bigger screen.
    </p>
  </div>
</DocumentFragment>
`;
