// Jest Snapshot v1, https://goo.gl/fbAQLP

exports[`ReportCardIcon component matches snapshot 1`] = `
<DocumentFragment>
  <figure
    class="Icon"
    data-testid=""
  >
    <img
      alt=""
      src="file"
      style="height: 50px; width: 34px; cursor: pointer;"
    />
    <figcaption
      class="Icon-text"
      style="font-size: 1rem;"
    >
      REPORT CARD
    </figcaption>
  </figure>
</DocumentFragment>
`;
