// Jest Snapshot v1, https://goo.gl/fbAQLP

exports[`InstrumentId component matches snapshot 1`] = `
<DocumentFragment>
  <main
    class="InstrumentId"
  >
    <header
      class="WindowNavbar-games"
    >
      <h1
        class="WindowNavbar-label"
      >
        INSTRUMENT ID
      </h1>
    </header>
    <p
      class="InstrumentId-instructions"
    >
      Let's learn about instruments! Click LEARN to review your instrument knowledge. Click PLAY to test your skills
    </p>
    <section
      class="Options"
      style="width: 50%;"
    >
      <figure
        class="Icon"
        data-testid=""
      >
        <img
          alt=""
          src="file"
          style="height: 250px; width: 250px; cursor: pointer;"
        />
        <figcaption
          class="Icon-text"
          style="font-size: 2.5rem;"
        >
          LEARN
        </figcaption>
      </figure>
      <figure
        class="Icon"
        data-testid=""
      >
        <img
          alt=""
          src="file"
          style="height: 250px; width: 250px; cursor: pointer;"
        />
        <figcaption
          class="Icon-text"
          style="font-size: 2.5rem;"
        >
          PLAY
        </figcaption>
      </figure>
    </section>
  </main>
</DocumentFragment>
`;
