// Jest Snapshot v1, https://goo.gl/fbAQLP

exports[`DecoderControls component matches snapshot 1`] = `
<DocumentFragment>
  <section
    class="DecoderControls"
  >
    <aside
      class="DecoderControls-dropdowns"
    >
      <div
        class="Dropdown"
      >
        <span
          class="Dropdown-label"
        >
          SCALE 
          <img
            alt=""
            src="file"
          />
        </span>
      </div>
      <div
        class="Dropdown"
      >
        <span
          class="Dropdown-label"
        >
          SOUND 
          <img
            alt=""
            src="file"
          />
        </span>
      </div>
    </aside>
    <aside
      class="DecoderControls-play"
    >
      <button
        class="Button small"
        style="border-color: #89eb0a; width: 10vw; padding: 3%;"
      >
        PLAY
      </button>
    </aside>
  </section>
</DocumentFragment>
`;
