// Jest Snapshot v1, https://goo.gl/fbAQLP

exports[`LilyPadDisplay component matches snapshot 1`] = `
<DocumentFragment>
  <div
    class="LilyPadDisplay"
  >
    <div
      class="LilyPad"
    >
      <img
        alt="Lily pad"
        src="file"
        style="width: 90%;"
      />
    </div>
    <div
      class="LilyPad"
    />
    <div
      class="LilyPad"
    />
    <div
      class="LilyPad"
    />
  </div>
</DocumentFragment>
`;
