// Jest Snapshot v1, https://goo.gl/fbAQLP

exports[`LilyPadDisplay component matches snapshot 1`] = `
<DocumentFragment>
  <div
    class="LilyPadDisplay"
  >
    <div
      class="LilyPadDisplay-lily-pad"
    >
      <img
        alt="Lily pad"
        class="LilyPadDisplay-pad"
        src="https://art-buddy.s3.amazonaws.com/jump-into-rhythm/_icons/lily-pad.png"
        style="width: 90%;"
      />
    </div>
    <div
      class="LilyPadDisplay-lily-pad"
    />
    <div
      class="LilyPadDisplay-lily-pad"
    />
    <div
      class="LilyPadDisplay-lily-pad"
    />
  </div>
</DocumentFragment>
`;
