// Jest Snapshot v1, https://goo.gl/fbAQLP

exports[`LearnFamilyPage component matches snapshot 1`] = `
<DocumentFragment>
  <header
    class="WindowNavbar-games"
  >
    <h1
      class="WindowNavbar-label"
    >
      INSTRUMENT ID: LEARN
    </h1>
  </header>
  <div
    class="LearnFamilyPage"
  >
    <header
      class="LearnFamilyPage-header"
    >
      <figure
        class="Icon"
        data-testid=""
      >
        <img
          alt=""
          src="https://art-buddy.s3.amazonaws.com/instrument-id/icons/instruments/brass/trumpet.png"
          style="height: 250px; width: 250px;"
        />
        <figcaption
          class="Icon-text"
          style="font-size: 2.5rem;"
        >
          THE BRASS FAMILY
        </figcaption>
      </figure>
    </header>
    <section
      class="LearnFamilyPage-options"
    >
      <figure
        class="Icon"
        data-testid=""
      >
        <img
          alt=""
          src="https://art-buddy.s3.amazonaws.com/instrument-id/icons/instruments/brass/trumpet.png"
          style="height: 200px; width: 200px; cursor: pointer;"
        />
        <figcaption
          class="Icon-text"
          style="font-size: 1.75rem;"
        >
          TRUMPET
        </figcaption>
      </figure>
      <figure
        class="Icon"
        data-testid=""
      >
        <img
          alt=""
          src="https://art-buddy.s3.amazonaws.com/instrument-id/icons/instruments/brass/french-horn.png"
          style="height: 200px; width: 200px; cursor: pointer;"
        />
        <figcaption
          class="Icon-text"
          style="font-size: 1.75rem;"
        >
          FRENCH HORN
        </figcaption>
      </figure>
      <figure
        class="Icon"
        data-testid=""
      >
        <img
          alt=""
          src="https://art-buddy.s3.amazonaws.com/instrument-id/icons/instruments/brass/trombone.png"
          style="height: 200px; width: 250px; cursor: pointer;"
        />
        <figcaption
          class="Icon-text"
          style="font-size: 1.75rem;"
        >
          TROMBONE
        </figcaption>
      </figure>
      <figure
        class="Icon"
        data-testid=""
      >
        <img
          alt=""
          src="https://art-buddy.s3.amazonaws.com/instrument-id/icons/instruments/brass/tuba.png"
          style="height: 200px; width: 200px; cursor: pointer;"
        />
        <figcaption
          class="Icon-text"
          style="font-size: 1.75rem;"
        >
          TUBA
        </figcaption>
      </figure>
    </section>
  </div>
</DocumentFragment>
`;
