// Jest Snapshot v1, https://goo.gl/fbAQLP

exports[`Student component matches the snapshot 1`] = `
<DocumentFragment>
  <div
    class="Student"
  >
    <p
      class="Student-name"
    >
      Eddie
    </p>
    <div
      class="Student-point-control"
    >
      <img
        alt="minus"
        role="button"
        src="file"
      />
      <p
        class="Student-points"
        data-testid="score"
      >
        0
      </p>
      <img
        alt="add"
        role="button"
        src="file"
      />
    </div>
  </div>
</DocumentFragment>
`;
