// Jest Snapshot v1, https://goo.gl/fbAQLP

exports[`Choice component matches snapshot 1`] = `
<DocumentFragment>
  <div
    class="Choice"
  >
    <div
      class="Choice-wrapper"
      data-testid="isCorrect"
    />
    <figure
      class="Icon"
      data-testid=""
    >
      <img
        alt=""
        src="https://art-buddy.s3.amazonaws.com/instrument-id/icons/instruments/electronic/theremin.png"
        style="height: 250px; width: 250px; cursor: pointer;"
      />
      <figcaption
        class="Icon-text"
        style="font-size: 1.75rem;"
      >
        THEREMIN
      </figcaption>
    </figure>
    <figure
      class="Icon"
      data-testid=""
    >
      <img
        alt=""
        src="https://art-buddy.s3.amazonaws.com/instrument-id/icons/play/swap.png"
        style="height: 30px; width: 30px; cursor: pointer; margin-top: 24px;"
      />
      <figcaption
        class="Icon-text"
        style="font-size: 1rem;"
      >
        SWAP
      </figcaption>
    </figure>
  </div>
</DocumentFragment>
`;
