// Jest Snapshot v1, https://goo.gl/fbAQLP

exports[`WindowNavbar component matches the snapshot of the WindowNavbar 1`] = `
<DocumentFragment>
  <header
    class="WindowNavbar-main"
  >
    <span
      class="WindowNavbar-button underlined"
      id="games"
    >
      GAMES
    </span>
    <span
      class="WindowNavbar-button"
      id="tools"
    >
      TOOLS
    </span>
  </header>
</DocumentFragment>
`;
