// Jest Snapshot v1, https://goo.gl/fbAQLP

exports[`Energy component matches snapshot 1`] = `
<DocumentFragment>
  <section
    class="Energy"
  >
    <p>
      How is your energy level?
    </p>
    <div
      class="Energy-batteries"
    >
      <div
        class="Battery"
        data-testid="battery2"
        id="2"
      >
        <img
          alt=""
          id="2"
          src="file"
        />
        <img
          alt=""
          data-testid="bar"
          id="2"
          src="file"
          style="width: 89%;"
        />
      </div>
      <div
        class="Battery"
        data-testid="battery1"
        id="1"
      >
        <img
          alt=""
          id="1"
          src="file"
        />
        <img
          alt=""
          data-testid="bar"
          id="1"
          src="file"
          style="width: 48%;"
        />
      </div>
      <div
        class="Battery"
        data-testid="battery0"
        id="0"
      >
        <img
          alt=""
          id="0"
          src="file"
        />
        <img
          alt=""
          data-testid="bar"
          id="0"
          src="file"
          style="width: 12%;"
        />
      </div>
    </div>
  </section>
</DocumentFragment>
`;
