// Jest Snapshot v1, https://goo.gl/fbAQLP

exports[`Score Keeper matches snapshot 1`] = `
<DocumentFragment>
  <div
    class="ScoreKeeper"
  >
    <div
      class="NewStudentForm"
    >
      <div
        class="NewStudentForm-student-name"
      >
        <label
          class="NewStudentForm-label"
          for="newStudent"
        >
          ADD A STUDENT: 
        </label>
        <input
          class="NewStudentForm-input"
          id="newStudent"
          name="newStudent"
          type="text"
          value=""
        />
      </div>
      <div
        class="Dropdown"
        style="font-size: 1.5rem;"
      >
        <span
          class="Dropdown-label"
          style="padding: 10px; border: 8px solid;"
        >
          PICK A COLOR 
          <img
            alt=""
            src="file"
            style="height: 16px; width: 24px;"
          />
        </span>
        <div
          class="Dropdown-options"
          style="font-size: 1rem;"
        >
          <p
            class="Dropdown-option"
            id="hex000000"
          >
            Black
          </p>
          <p
            class="Dropdown-option"
            id="hexE60026"
          >
            Red
          </p>
          <p
            class="Dropdown-option"
            id="hexFF8B3D"
          >
            Orange
          </p>
          <p
            class="Dropdown-option"
            id="hexFFE81A"
          >
            Yellow
          </p>
          <p
            class="Dropdown-option"
            id="hex89EB0A"
          >
            Green
          </p>
          <p
            class="Dropdown-option"
            id="hex3783FF"
          >
            Blue
          </p>
          <p
            class="Dropdown-option"
            id="hex00C5CD"
          >
            Turquoise
          </p>
          <p
            class="Dropdown-option"
            id="hex4B0082"
          >
            Purple
          </p>
          <p
            class="Dropdown-option"
            id="hexEE82EE"
          >
            Pink
          </p>
        </div>
      </div>
      <button
        class="Button small"
        style="border-color: #4d4f5e;"
      >
        ADD STUDENT
      </button>
    </div>
    <div
      class="Students"
    />
  </div>
</DocumentFragment>
`;
