// Jest Snapshot v1, https://goo.gl/fbAQLP

exports[`Score Keeper matches snapshot 1`] = `
<DocumentFragment>
  <header
    class="WindowNavbar-games"
  >
    <h1
      class="WindowNavbar-label"
    >
      SCORE KEEPER
    </h1>
    <img
      alt="Help"
      class="Help"
      src="file"
    />
  </header>
  <div
    class="Students"
  >
    <p
      class="Students-warning"
    >
      Load students by picking a roster in Settings (or creating one if you haven't)
    </p>
  </div>
</DocumentFragment>
`;
