// Jest Snapshot v1, https://goo.gl/fbAQLP

exports[`LearnFamilyPage component matches snapshot 1`] = `
<DocumentFragment>
  <div
    class="LearnFamilyPage"
  >
    <div
      class="LearnFamilyPage-header"
    >
      <div
        class="Icon"
      >
        <img
          alt=""
          src="file"
          style="height: 250px; width: 250px;"
        />
        <p
          style="font-size: 2.5rem;"
        >
          THE BRASS FAMILY
        </p>
      </div>
    </div>
    <div
      class="LearnFamilyPage-options"
    >
      <div
        class="Icon"
      >
        <img
          alt=""
          src="file"
          style="height: 200px; width: 200px; cursor: pointer;"
        />
        <p
          style="font-size: 1.75rem;"
        >
          TRUMPET
        </p>
      </div>
      <div
        class="Icon"
      >
        <img
          alt=""
          src="file"
          style="height: 200px; width: 200px; cursor: pointer;"
        />
        <p
          style="font-size: 1.75rem;"
        >
          FRENCH HORN
        </p>
      </div>
      <div
        class="Icon"
      >
        <img
          alt=""
          src="file"
          style="height: 200px; width: 250px; cursor: pointer;"
        />
        <p
          style="font-size: 1.75rem;"
        >
          TROMBONE
        </p>
      </div>
      <div
        class="Icon"
      >
        <img
          alt=""
          src="file"
          style="height: 200px; width: 200px; cursor: pointer;"
        />
        <p
          style="font-size: 1.75rem;"
        >
          TUBA
        </p>
      </div>
    </div>
  </div>
</DocumentFragment>
`;
