// Jest Snapshot v1, https://goo.gl/fbAQLP

exports[`NoteOptions component matches snapshot 1`] = `
<DocumentFragment>
  <section
    class="NoteOptions"
  >
    <section
      class="NoteOptions-notes"
    >
      <figure
        class="Icon"
        id="quarterNote"
      >
        <img
          alt=""
          src="file"
          style="height: 100px; width: 30%; cursor: pointer;"
        />
        <figcaption
          class="Icon-text"
          style="font-size: 1.75rem;"
        >
          Quarter Note
        </figcaption>
      </figure>
      <figure
        class="Icon"
        id="eighthNotes"
      >
        <img
          alt=""
          src="file"
          style="height: 100px; width: 30%; cursor: pointer;"
        />
        <figcaption
          class="Icon-text"
          style="font-size: 1.75rem;"
        >
          Eighth Notes
        </figcaption>
      </figure>
      <figure
        class="Icon"
        id="quarterRest"
      >
        <img
          alt=""
          src="file"
          style="height: 100px; width: 30%; cursor: pointer;"
        />
        <figcaption
          class="Icon-text"
          style="font-size: 1.75rem;"
        >
          Quarter Rest
        </figcaption>
      </figure>
    </section>
    <button
      class="Button regular"
      disabled=""
      style="border-color: #89eb0a; background-color: grey;"
    >
      PLAY
    </button>
  </section>
</DocumentFragment>
`;
