// Jest Snapshot v1, https://goo.gl/fbAQLP

exports[`Meter component matches snapshot 1`] = `
<DocumentFragment>
  <section
    class="Meter"
  >
    <img
      alt=""
      class="Line"
      src="https://art-buddy.s3.amazonaws.com/noise-meter/meter-piece.png"
    />
    <img
      alt=""
      class="Line"
      src="https://art-buddy.s3.amazonaws.com/noise-meter/meter-piece.png"
    />
    <img
      alt=""
      class="Line"
      src="https://art-buddy.s3.amazonaws.com/noise-meter/meter-piece.png"
    />
    <img
      alt=""
      class="Line"
      src="https://art-buddy.s3.amazonaws.com/noise-meter/meter-piece.png"
    />
    <img
      alt=""
      class="Line"
      src="https://art-buddy.s3.amazonaws.com/noise-meter/meter-piece.png"
    />
    <img
      alt=""
      class="Line"
      src="https://art-buddy.s3.amazonaws.com/noise-meter/meter-piece.png"
    />
    <img
      alt=""
      class="Line"
      src="https://art-buddy.s3.amazonaws.com/noise-meter/meter-piece.png"
    />
    <img
      alt=""
      class="Line"
      src="https://art-buddy.s3.amazonaws.com/noise-meter/meter-piece.png"
    />
    <img
      alt=""
      class="Line"
      src="https://art-buddy.s3.amazonaws.com/noise-meter/meter-piece.png"
    />
  </section>
</DocumentFragment>
`;
