// Jest Snapshot v1, https://goo.gl/fbAQLP

exports[`ReportCard component matches snapshot 1`] = `
<DocumentFragment>
  <main
    class="ReportCard"
  >
    <section
      class="ReportCard-score-display"
    >
      <span>
        BRASS FAMILY
      </span>
      <div
        class="ReportCard-visual-score"
      >
        <img
          alt=""
          src="file"
        />
        <img
          alt=""
          src="file"
        />
        <img
          alt=""
          src="file"
        />
        <img
          alt=""
          src="file"
        />
      </div>
      <span
        class="ReportCard-text-score"
      >
        0/4 passed
      </span>
    </section>
    <section
      class="ReportCard-score-display"
    >
      <span>
        ELECTRONIC FAMILY
      </span>
      <div
        class="ReportCard-visual-score"
      >
        <img
          alt=""
          src="file"
        />
        <img
          alt=""
          src="file"
        />
        <img
          alt=""
          src="file"
        />
        <img
          alt=""
          src="file"
        />
      </div>
      <span
        class="ReportCard-text-score"
      >
        0/4 passed
      </span>
    </section>
    <section
      class="ReportCard-score-display"
    >
      <span>
        PERCUSSION FAMILY
      </span>
      <div
        class="ReportCard-visual-score"
      >
        <img
          alt=""
          src="file"
        />
        <img
          alt=""
          src="file"
        />
        <img
          alt=""
          src="file"
        />
        <img
          alt=""
          src="file"
        />
      </div>
      <span
        class="ReportCard-text-score"
      >
        0/4 passed
      </span>
    </section>
    <section
      class="ReportCard-score-display"
    >
      <span>
        STRINGS FAMILY
      </span>
      <div
        class="ReportCard-visual-score"
      >
        <img
          alt=""
          src="file"
        />
        <img
          alt=""
          src="file"
        />
        <img
          alt=""
          src="file"
        />
        <img
          alt=""
          src="file"
        />
      </div>
      <span
        class="ReportCard-text-score"
      >
        0/4 passed
      </span>
    </section>
    <section
      class="ReportCard-score-display"
    >
      <span>
        WOODWIND FAMILY
      </span>
      <div
        class="ReportCard-visual-score"
      >
        <img
          alt=""
          src="file"
        />
        <img
          alt=""
          src="file"
        />
        <img
          alt=""
          src="file"
        />
        <img
          alt=""
          src="file"
        />
      </div>
      <span
        class="ReportCard-text-score"
      >
        0/4 passed
      </span>
    </section>
    <section
      class="ReportCard-score-display"
    >
      <span>
        VOICE FAMILY
      </span>
      <div
        class="ReportCard-visual-score"
      >
        <img
          alt=""
          src="file"
        />
        <img
          alt=""
          src="file"
        />
        <img
          alt=""
          src="file"
        />
        <img
          alt=""
          src="file"
        />
      </div>
      <span
        class="ReportCard-text-score"
      >
        0/4 passed
      </span>
    </section>
    <button
      class="Button regular"
      style="border-color: #fd4d3a;"
    >
      CLEAR
    </button>
  </main>
</DocumentFragment>
`;
