// Jest Snapshot v1, https://goo.gl/fbAQLP

exports[`SavedSongs component matches snapshot 1`] = `
<DocumentFragment>
  <section
    class="SavedSongs"
  >
    <aside
      class="SavedSongs-options"
    >
      <figure
        class="Icon"
      >
        <img
          alt=""
          src="file"
          style="height: 49px; width: 49px; cursor: pointer;"
        />
        <figcaption
          style="font-size: 1rem;"
        >
          Play
        </figcaption>
      </figure>
      <figure
        class="Icon"
      >
        <img
          alt=""
          src="file"
          style="height: 49px; width: 49px; cursor: pointer;"
        />
        <figcaption
          style="font-size: 1rem;"
        >
          Delete
        </figcaption>
      </figure>
    </aside>
    <section
      class="SavedSongs-song-list"
    />
  </section>
</DocumentFragment>
`;
