// Jest Snapshot v1, https://goo.gl/fbAQLP

exports[`SaveSong component matches snapshot 1`] = `
<DocumentFragment>
  <div
    class="SaveSong"
  >
    <div
      class="Input"
    >
      <label
        class="Input-label"
        for="title"
      >
        Song Title
      </label>
      <input
        class="Input-input"
        id="title"
        name="title"
        type="text"
        value=""
      />
      <div
        class="Input-keyboard"
      >
        <figure
          class="Icon"
        >
          <img
            alt=""
            src="file"
            style="height: 40px; width: 40px;"
          />
          <figcaption
            style="font-size: 1rem;"
          >
            OPEN KEYBOARD
          </figcaption>
        </figure>
      </div>
    </div>
    <button
      class="Button regular"
      style="border-color: #89eb0a;"
    >
      SAVE
    </button>
    <span
      class="SaveSong-message hide"
    >
      Song Saved!
    </span>
  </div>
</DocumentFragment>
`;
