// Jest Snapshot v1, https://goo.gl/fbAQLP

exports[`SaveSong component matches snapshot 1`] = `
<DocumentFragment>
  <form
    class="SaveSong"
  >
    <div
      class="SaveSong-control"
    >
      <label
        class="SaveSong-label"
      >
        Song Title
      </label>
      <input
        class="SaveSong-input"
        id="title"
        name="title"
        type="text"
        value=""
      />
      <div
        class="Keyboard"
      >
        <figure
          class="Icon"
        >
          <img
            alt=""
            src="file"
            style="height: 43px; width: 65px;"
          />
          <figcaption
            style="font-size: 1rem;"
          />
        </figure>
      </div>
    </div>
    <button
      class="Button regular"
      style="border-color: #89eb0a;"
    >
      SAVE
    </button>
    <span
      class="SaveSong-message hide"
    >
      Song Saved!
    </span>
  </form>
</DocumentFragment>
`;
