// Jest Snapshot v1, https://goo.gl/fbAQLP

exports[`LearnColorTheory component matches snapshot 1`] = `
<DocumentFragment>
  <header
    class="WindowNavbar-games"
  >
    <h1
      class="WindowNavbar-label"
    >
      COLOR THEORY
    </h1>
  </header>
  <main
    class="LearnColorTheory"
  >
    <span>
      Learn
    </span>
    <br />
    <section
      class="Options"
      style="width: 80%;"
    >
      <figure
        class="Icon"
        data-testid=""
      >
        <img
          alt=""
          src="https://art-buddy.s3.amazonaws.com/color-theory/primary.png"
          style="height: 250px; width: 250px; cursor: pointer;"
        />
        <figcaption
          class="Icon-text"
          style="font-size: 2.5rem;"
        >
          PRIMARY COLORS
        </figcaption>
      </figure>
      <figure
        class="Icon"
        data-testid=""
      >
        <img
          alt=""
          src="https://art-buddy.s3.amazonaws.com/color-theory/secondary.png"
          style="height: 250px; width: 250px; cursor: pointer;"
        />
        <figcaption
          class="Icon-text"
          style="font-size: 2.5rem;"
        >
          SECONDARY COLORS
        </figcaption>
      </figure>
      <figure
        class="Icon"
        data-testid=""
      >
        <img
          alt=""
          src="https://art-buddy.s3.amazonaws.com/color-theory/tertiary.png"
          style="height: 250px; width: 250px; cursor: pointer;"
        />
        <figcaption
          class="Icon-text"
          style="font-size: 2.5rem;"
        >
          TERTIARY COLORS
        </figcaption>
      </figure>
    </section>
  </main>
</DocumentFragment>
`;
