// Jest Snapshot v1, https://goo.gl/fbAQLP

exports[`Icon component matches the snapshot of the icon 1`] = `
<DocumentFragment>
  <div
    class="Icon"
  >
    <img
      alt=""
      style="height: 250px; width: 250px;"
    />
    <p
      style="font-size: 1.75rem;"
    />
  </div>
</DocumentFragment>
`;
