// Jest Snapshot v1, https://goo.gl/fbAQLP

exports[`BackArrow component matches the snapshot of the back arrow 1`] = `
<DocumentFragment>
  <button
    class="BackArrow"
  >
    <img
      alt=""
      class="BackArrow-img"
      src="file"
    />
    <span
      class="BackArrow-text"
    >
      BACK
    </span>
  </button>
</DocumentFragment>
`;
