// Jest Snapshot v1, https://goo.gl/fbAQLP

exports[`Learn component matches snapshot 1`] = `
<DocumentFragment>
  <header
    class="WindowNavbar-games"
  >
    <h1
      class="WindowNavbar-label"
    >
      INSTRUMENT ID: LEARN
    </h1>
    <img
      alt="Help"
      class="Help"
      src="file"
    />
  </header>
  <div
    class="Learn"
  >
    <header
      class="Learn-header"
    >
      <p>
        To begin, choose an instrument family
      </p>
    </header>
    <section
      class="Learn-options"
    >
      <figure
        class="Icon"
      >
        <img
          alt=""
          src="file"
          style="height: 200px; width: 200px; cursor: pointer;"
        />
        <figcaption
          class="Icon-text"
          style="font-size: 2.5rem;"
        >
          BRASS
        </figcaption>
      </figure>
      <figure
        class="Icon"
      >
        <img
          alt=""
          src="file"
          style="height: 200px; width: 200px; cursor: pointer;"
        />
        <figcaption
          class="Icon-text"
          style="font-size: 2.5rem;"
        >
          ELECTRONIC
        </figcaption>
      </figure>
      <figure
        class="Icon"
      >
        <img
          alt=""
          src="file"
          style="height: 200px; width: 200px; cursor: pointer;"
        />
        <figcaption
          class="Icon-text"
          style="font-size: 2.5rem;"
        >
          PERCUSSION
        </figcaption>
      </figure>
      <figure
        class="Icon"
      >
        <img
          alt=""
          src="file"
          style="height: 200px; width: 200px; cursor: pointer;"
        />
        <figcaption
          class="Icon-text"
          style="font-size: 2.5rem;"
        >
          STRINGS
        </figcaption>
      </figure>
      <figure
        class="Icon"
      >
        <img
          alt=""
          src="file"
          style="height: 200px; width: 200px; cursor: pointer;"
        />
        <figcaption
          class="Icon-text"
          style="font-size: 2.5rem;"
        >
          WOODWIND
        </figcaption>
      </figure>
      <figure
        class="Icon"
      >
        <img
          alt=""
          src="file"
          style="height: 200px; width: 200px; cursor: pointer;"
        />
        <figcaption
          class="Icon-text"
          style="font-size: 2.5rem;"
        >
          VOICE
        </figcaption>
      </figure>
    </section>
  </div>
</DocumentFragment>
`;
