// Jest Snapshot v1, https://goo.gl/fbAQLP

exports[`Play component matches snapshot 1`] = `
<DocumentFragment>
  <div
    class="Play"
  >
    <p>
      Master skills in Listening Skills to unlock instruments for the Song Maker!
    </p>
    <div
      class="Options"
      style="width: 65%;"
    >
      <div
        class="Icon"
      >
        <img
          alt=""
          src="file"
          style="height: 250px; width: 250px; cursor: pointer;"
        />
        <p
          style="font-size: 1.75rem;"
        >
          Listening Skills Test
        </p>
      </div>
      <div
        class="Icon"
      >
        <img
          alt=""
          src="file"
          style="height: 250px; width: 250px; cursor: pointer;"
        />
        <p
          style="font-size: 1.75rem;"
        >
          Song Maker
        </p>
      </div>
    </div>
  </div>
</DocumentFragment>
`;
