// Jest Snapshot v1, https://goo.gl/fbAQLP

exports[`Play component matches snapshot 1`] = `
<DocumentFragment>
  <main
    class="Play"
  >
    <header
      class="WindowNavbar-games"
    >
      <button
        class="BackArrow"
      >
        <img
          alt=""
          class="BackArrow-img"
          src="file"
        />
        <span
          class="BackArrow-text"
        >
          BACK
        </span>
      </button>
      <h1
        class="WindowNavbar-label"
      >
        INSTRUMENT ID: PLAY
      </h1>
      <img
        alt="Help"
        class="HelpIcon"
        src="file"
      />
    </header>
    <header>
      <p>
        Master skills in Listening Skills to unlock instruments for the Song Maker!
      </p>
    </header>
    <section
      class="Options"
      style="width: 50%;"
    >
      <figure
        class="Icon"
      >
        <img
          alt=""
          src="file"
          style="height: 250px; width: 250px; cursor: pointer;"
        />
        <figcaption
          style="font-size: 2.5rem;"
        >
          Listening Skills Test
        </figcaption>
      </figure>
      <figure
        class="Icon"
      >
        <img
          alt=""
          src="file"
          style="height: 250px; width: 250px; cursor: pointer;"
        />
        <figcaption
          style="font-size: 2.5rem;"
        >
          Song Maker
        </figcaption>
      </figure>
    </section>
  </main>
</DocumentFragment>
`;
