// Jest Snapshot v1, https://goo.gl/fbAQLP

exports[`WordToMusic component matches snapshot 1`] = `
<DocumentFragment>
  <main
    class="WordToMusic"
  >
    <header
      class="WindowNavbar-games"
    >
      <h1
        class="WindowNavbar-label"
      >
        WORD-TO-MUSIC DECODER
      </h1>
      <div
        class="WindowNavbar-corner"
      >
        <div
          class="Toggle"
        >
          <div
            class="Toggle-switch on"
          >
            <div
              class="Toggle-button"
            />
            <span>
              ON
            </span>
            <span>
              OFF
            </span>
          </div>
          <span
            class="Toggle-label"
          >
            UPPER CASE
          </span>
        </div>
      </div>
    </header>
    <header>
      <p>
        HULLO IM WORD TO MUSIC DECODER. TYPE SOME WORDS TO MAKE MUSIC PLZ
      </p>
    </header>
    <hr />
    <form
      class="WordForm"
    >
      <label
        class="WordForm-label"
        for="words"
      >
        WORDS
      </label>
      <span
        class="WordForm-error"
      />
      <input
        class="WordForm-input"
        id="words"
        name="words"
        type="text"
        value=""
      />
    </form>
    <section
      class="DecoderControls"
    >
      <aside
        class="DecoderControls-dropdowns"
      >
        <div
          class="Dropdown"
        >
          <span
            class="Dropdown-label"
          >
            SCALE 
            <img
              alt=""
              src="file"
            />
          </span>
        </div>
        <div
          class="Dropdown"
        >
          <span
            class="Dropdown-label"
          >
            SOUND 
            <img
              alt=""
              src="file"
            />
          </span>
        </div>
      </aside>
      <aside
        class="DecoderControls-play"
      >
        <button
          class="Button small"
          style="border-color: #89eb0a; width: 10vw; padding: 3%;"
        >
          PLAY
        </button>
      </aside>
    </section>
    <table
      class="AlphabetTable"
    >
      <tbody>
        <tr>
          <td
            class="AlphabetTable-cell"
          >
            A
          </td>
          <td
            class="AlphabetTable-cell"
          >
            B
          </td>
          <td
            class="AlphabetTable-cell"
          >
            C
          </td>
          <td
            class="AlphabetTable-cell"
          >
            D
          </td>
          <td
            class="AlphabetTable-cell"
          >
            E
          </td>
          <td
            class="AlphabetTable-cell"
          >
            F
          </td>
          <td
            class="AlphabetTable-cell"
          >
            G
          </td>
          <td
            class="AlphabetTable-cell"
          >
            H
          </td>
          <td
            class="AlphabetTable-cell"
          >
            I
          </td>
          <td
            class="AlphabetTable-cell"
          >
            J
          </td>
          <td
            class="AlphabetTable-cell"
          >
            K
          </td>
          <td
            class="AlphabetTable-cell"
          >
            L
          </td>
          <td
            class="AlphabetTable-cell"
          >
            M
          </td>
        </tr>
        <tr>
          <td
            class="AlphabetTable-cell"
          >
            N
          </td>
          <td
            class="AlphabetTable-cell"
          >
            O
          </td>
          <td
            class="AlphabetTable-cell"
          >
            P
          </td>
          <td
            class="AlphabetTable-cell"
          >
            Q
          </td>
          <td
            class="AlphabetTable-cell"
          >
            R
          </td>
          <td
            class="AlphabetTable-cell"
          >
            S
          </td>
          <td
            class="AlphabetTable-cell"
          >
            T
          </td>
          <td
            class="AlphabetTable-cell"
          >
            U
          </td>
          <td
            class="AlphabetTable-cell"
          >
            V
          </td>
          <td
            class="AlphabetTable-cell"
          >
            W
          </td>
          <td
            class="AlphabetTable-cell"
          >
            X
          </td>
          <td
            class="AlphabetTable-cell"
          >
            Y
          </td>
          <td
            class="AlphabetTable-cell"
          >
            Z
          </td>
        </tr>
      </tbody>
    </table>
  </main>
</DocumentFragment>
`;
