// Jest Snapshot v1, https://goo.gl/fbAQLP

exports[`WordToMusic component matches snapshot 1`] = `
<DocumentFragment>
  <main
    class="WordToMusic"
  >
    <header
      class="WindowNavbar-games"
    >
      <button
        class="BackArrow"
      >
        <img
          alt=""
          class="BackArrow-img"
          src="file"
        />
        <span
          class="BackArrow-text"
        >
          BACK
        </span>
      </button>
      <h1
        class="WindowNavbar-label"
      >
        WORD-TO-MUSIC DECODER
      </h1>
      <div
        class="Toggle"
      >
        <div
          class="Toggle-switch on"
        >
          <div
            class="Toggle-button"
          />
          <span>
            ON
          </span>
          <span>
            OFF
          </span>
        </div>
        <span
          class="Toggle-label"
        >
          UPPER CASE
        </span>
      </div>
    </header>
    <header>
      <p>
        HULLO IM WORD TO MUSIC DECODER. TYPE SOME WORDS TO MAKE MUSIC PLZ
      </p>
    </header>
    <hr />
    <form
      class="WordForm"
    >
      <label
        class="WordForm-label"
        for="words"
      >
        WORDS
      </label>
      <span
        class="WordForm-error"
      />
      <input
        class="WordForm-input"
        id="words"
        name="words"
        type="text"
        value=""
      />
    </form>
    <section
      class="DecoderControls"
    >
      <aside
        class="DecoderControls-dropdowns"
      >
        <div
          class="Dropdown"
        >
          <span
            class="Dropdown-label"
          >
            SCALE 
            <img
              alt=""
              src="file"
            />
          </span>
          <div
            class="Dropdown-options"
          >
            <p
              class="Dropdown-option"
              id="0"
            >
              C
            </p>
            <p
              class="Dropdown-option"
              id="1"
            >
              C# / Db
            </p>
            <p
              class="Dropdown-option"
              id="2"
            >
              D
            </p>
            <p
              class="Dropdown-option"
              id="3"
            >
              D# / Eb
            </p>
            <p
              class="Dropdown-option"
              id="4"
            >
              E
            </p>
            <p
              class="Dropdown-option"
              id="5"
            >
              F
            </p>
            <p
              class="Dropdown-option"
              id="6"
            >
              F# / Gb
            </p>
            <p
              class="Dropdown-option"
              id="7"
            >
              G
            </p>
            <p
              class="Dropdown-option"
              id="8"
            >
              G# / Ab
            </p>
            <p
              class="Dropdown-option"
              id="9"
            >
              A
            </p>
            <p
              class="Dropdown-option"
              id="10"
            >
              A# / Bb
            </p>
            <p
              class="Dropdown-option"
              id="11"
            >
              B
            </p>
          </div>
        </div>
        <div
          class="Dropdown"
        >
          <span
            class="Dropdown-label"
          >
            SOUND 
            <img
              alt=""
              src="file"
            />
          </span>
          <div
            class="Dropdown-options"
          >
            <p
              class="Dropdown-option"
              id="synth"
            >
              Synth
            </p>
            <p
              class="Dropdown-option"
              id="trumpet"
            >
              Trumpet
            </p>
            <p
              class="Dropdown-option"
              id="flute"
            >
              Flute
            </p>
            <p
              class="Dropdown-option"
              id="acousticGuitar"
            >
              Guitar
            </p>
            <p
              class="Dropdown-option"
              id="saxophone"
            >
              Saxophone
            </p>
          </div>
        </div>
      </aside>
      <aside
        class="DecoderControls-play"
      >
        <button
          class="Button small"
          style="border-color: #89eb0a; width: 10vw; padding: 3%;"
        >
          PLAY
        </button>
      </aside>
    </section>
    <section
      class="AlphabetTable"
    >
      <div
        class="AlphabetTable-cell"
      >
        A
      </div>
      <div
        class="AlphabetTable-cell"
      >
        B
      </div>
      <div
        class="AlphabetTable-cell"
      >
        C
      </div>
      <div
        class="AlphabetTable-cell"
      >
        D
      </div>
      <div
        class="AlphabetTable-cell"
      >
        E
      </div>
      <div
        class="AlphabetTable-cell"
      >
        F
      </div>
      <div
        class="AlphabetTable-cell"
      >
        G
      </div>
      <div
        class="AlphabetTable-cell"
      >
        H
      </div>
      <div
        class="AlphabetTable-cell"
      >
        I
      </div>
      <div
        class="AlphabetTable-cell"
      >
        J
      </div>
      <div
        class="AlphabetTable-cell"
      >
        K
      </div>
      <div
        class="AlphabetTable-cell"
      >
        L
      </div>
      <div
        class="AlphabetTable-cell"
      >
        M
      </div>
      <div
        class="AlphabetTable-cell"
      >
        N
      </div>
      <div
        class="AlphabetTable-cell"
      >
        O
      </div>
      <div
        class="AlphabetTable-cell"
      >
        P
      </div>
      <div
        class="AlphabetTable-cell"
      >
        Q
      </div>
      <div
        class="AlphabetTable-cell"
      >
        R
      </div>
      <div
        class="AlphabetTable-cell"
      >
        S
      </div>
      <div
        class="AlphabetTable-cell"
      >
        T
      </div>
      <div
        class="AlphabetTable-cell"
      >
        U
      </div>
      <div
        class="AlphabetTable-cell"
      >
        V
      </div>
      <div
        class="AlphabetTable-cell"
      >
        W
      </div>
      <div
        class="AlphabetTable-cell"
      >
        X
      </div>
      <div
        class="AlphabetTable-cell"
      >
        Y
      </div>
      <div
        class="AlphabetTable-cell"
      >
        Z
      </div>
    </section>
  </main>
</DocumentFragment>
`;
